[0.560s] Invoking command in '/home/oem/robot_project/lqg_controller': PYTHONPATH=/home/oem/robot_project/build/lqg_controller/prefix_override:/usr/lib/python3/dist-packages/colcon_core/task/python/colcon_distutils_commands:/home/oem/robot_project/install/lqg_controller/lib/python3.10/site-packages:${PYTHONPATH} /usr/bin/python3 -W ignore:setup.py install is deprecated -W ignore:easy_install command is deprecated setup.py egg_info --egg-base ../build/lqg_controller build --build-base /home/oem/robot_project/build/lqg_controller/build install --record /home/oem/robot_project/build/lqg_controller/install.log --single-version-externally-managed install_data
[0.770s] running egg_info
[0.770s] creating ../build/lqg_controller/lqg_controller.egg-info
[0.770s] writing ../build/lqg_controller/lqg_controller.egg-info/PKG-INFO
[0.770s] writing dependency_links to ../build/lqg_controller/lqg_controller.egg-info/dependency_links.txt
[0.770s] writing entry points to ../build/lqg_controller/lqg_controller.egg-info/entry_points.txt
[0.770s] writing requirements to ../build/lqg_controller/lqg_controller.egg-info/requires.txt
[0.771s] writing top-level names to ../build/lqg_controller/lqg_controller.egg-info/top_level.txt
[0.771s] writing manifest file '../build/lqg_controller/lqg_controller.egg-info/SOURCES.txt'
[0.772s] reading manifest file '../build/lqg_controller/lqg_controller.egg-info/SOURCES.txt'
[0.773s] writing manifest file '../build/lqg_controller/lqg_controller.egg-info/SOURCES.txt'
[0.773s] running build
[0.773s] running build_py
[0.773s] creating /home/oem/robot_project/build/lqg_controller/build
[0.773s] creating /home/oem/robot_project/build/lqg_controller/build/lib
[0.773s] creating /home/oem/robot_project/build/lqg_controller/build/lib/lqg_controller
[0.773s] copying lqg_controller/lqg_controller_node.py -> /home/oem/robot_project/build/lqg_controller/build/lib/lqg_controller
[0.773s] copying lqg_controller/__init__.py -> /home/oem/robot_project/build/lqg_controller/build/lib/lqg_controller
[0.773s] running install
[0.773s] running install_lib
[0.774s] creating /home/oem/robot_project/install/lqg_controller/lib/python3.10/site-packages/lqg_controller
[0.774s] copying /home/oem/robot_project/build/lqg_controller/build/lib/lqg_controller/lqg_controller_node.py -> /home/oem/robot_project/install/lqg_controller/lib/python3.10/site-packages/lqg_controller
[0.774s] copying /home/oem/robot_project/build/lqg_controller/build/lib/lqg_controller/__init__.py -> /home/oem/robot_project/install/lqg_controller/lib/python3.10/site-packages/lqg_controller
[0.775s] byte-compiling /home/oem/robot_project/install/lqg_controller/lib/python3.10/site-packages/lqg_controller/lqg_controller_node.py to lqg_controller_node.cpython-310.pyc
[0.775s] byte-compiling /home/oem/robot_project/install/lqg_controller/lib/python3.10/site-packages/lqg_controller/__init__.py to __init__.cpython-310.pyc
[0.775s] running install_data
[0.776s] creating /home/oem/robot_project/install/lqg_controller/share/ament_index
[0.776s] creating /home/oem/robot_project/install/lqg_controller/share/ament_index/resource_index
[0.776s] creating /home/oem/robot_project/install/lqg_controller/share/ament_index/resource_index/packages
[0.776s] copying resource/lqg_controller -> /home/oem/robot_project/install/lqg_controller/share/ament_index/resource_index/packages
[0.776s] copying package.xml -> /home/oem/robot_project/install/lqg_controller/share/lqg_controller
[0.776s] running install_egg_info
[0.777s] Copying ../build/lqg_controller/lqg_controller.egg-info to /home/oem/robot_project/install/lqg_controller/lib/python3.10/site-packages/lqg_controller-0.0.0-py3.10.egg-info
[0.778s] running install_scripts
[0.795s] Installing lqg_controller script to /home/oem/robot_project/install/lqg_controller/lib/lqg_controller
[0.795s] writing list of installed files to '/home/oem/robot_project/build/lqg_controller/install.log'
[0.823s] Invoked command in '/home/oem/robot_project/lqg_controller' returned '0': PYTHONPATH=/home/oem/robot_project/build/lqg_controller/prefix_override:/usr/lib/python3/dist-packages/colcon_core/task/python/colcon_distutils_commands:/home/oem/robot_project/install/lqg_controller/lib/python3.10/site-packages:${PYTHONPATH} /usr/bin/python3 -W ignore:setup.py install is deprecated -W ignore:easy_install command is deprecated setup.py egg_info --egg-base ../build/lqg_controller build --build-base /home/oem/robot_project/build/lqg_controller/build install --record /home/oem/robot_project/build/lqg_controller/install.log --single-version-externally-managed install_data
