[0.556s] Invoking command in '/home/oem/robot_project/lqg_controller': PYTHONPATH=/home/oem/robot_project/build/lqg_controller/prefix_override:/usr/lib/python3/dist-packages/colcon_core/task/python/colcon_distutils_commands:/home/oem/robot_project/install/lqg_controller/lib/python3.10/site-packages:${PYTHONPATH} /usr/bin/python3 -W ignore:setup.py install is deprecated -W ignore:easy_install command is deprecated setup.py egg_info --egg-base ../build/lqg_controller build --build-base /home/oem/robot_project/build/lqg_controller/build install --record /home/oem/robot_project/build/lqg_controller/install.log --single-version-externally-managed install_data
[0.762s] running egg_info
[0.763s] creating ../build/lqg_controller/lqg_controller.egg-info
[0.763s] writing ../build/lqg_controller/lqg_controller.egg-info/PKG-INFO
[0.763s] writing dependency_links to ../build/lqg_controller/lqg_controller.egg-info/dependency_links.txt
[0.763s] writing entry points to ../build/lqg_controller/lqg_controller.egg-info/entry_points.txt
[0.763s] writing requirements to ../build/lqg_controller/lqg_controller.egg-info/requires.txt
[0.763s] writing top-level names to ../build/lqg_controller/lqg_controller.egg-info/top_level.txt
[0.763s] writing manifest file '../build/lqg_controller/lqg_controller.egg-info/SOURCES.txt'
[0.764s] reading manifest file '../build/lqg_controller/lqg_controller.egg-info/SOURCES.txt'
[0.765s] writing manifest file '../build/lqg_controller/lqg_controller.egg-info/SOURCES.txt'
[0.765s] running build
[0.765s] running build_py
[0.765s] creating /home/oem/robot_project/build/lqg_controller/build
[0.765s] creating /home/oem/robot_project/build/lqg_controller/build/lib
[0.765s] creating /home/oem/robot_project/build/lqg_controller/build/lib/lqg_controller
[0.765s] copying lqg_controller/lqg_controller_node.py -> /home/oem/robot_project/build/lqg_controller/build/lib/lqg_controller
[0.765s] copying lqg_controller/__init__.py -> /home/oem/robot_project/build/lqg_controller/build/lib/lqg_controller
[0.765s] running install
[0.766s] running install_lib
[0.766s] creating /home/oem/robot_project/install/lqg_controller/lib/python3.10/site-packages/lqg_controller
[0.767s] copying /home/oem/robot_project/build/lqg_controller/build/lib/lqg_controller/lqg_controller_node.py -> /home/oem/robot_project/install/lqg_controller/lib/python3.10/site-packages/lqg_controller
[0.767s] copying /home/oem/robot_project/build/lqg_controller/build/lib/lqg_controller/__init__.py -> /home/oem/robot_project/install/lqg_controller/lib/python3.10/site-packages/lqg_controller
[0.767s] byte-compiling /home/oem/robot_project/install/lqg_controller/lib/python3.10/site-packages/lqg_controller/lqg_controller_node.py to lqg_controller_node.cpython-310.pyc
[0.768s] byte-compiling /home/oem/robot_project/install/lqg_controller/lib/python3.10/site-packages/lqg_controller/__init__.py to __init__.cpython-310.pyc
[0.768s] running install_data
[0.768s] creating /home/oem/robot_project/install/lqg_controller/share/ament_index
[0.768s] creating /home/oem/robot_project/install/lqg_controller/share/ament_index/resource_index
[0.768s] creating /home/oem/robot_project/install/lqg_controller/share/ament_index/resource_index/packages
[0.769s] copying resource/lqg_controller -> /home/oem/robot_project/install/lqg_controller/share/ament_index/resource_index/packages
[0.769s] copying package.xml -> /home/oem/robot_project/install/lqg_controller/share/lqg_controller
[0.769s] running install_egg_info
[0.770s] Copying ../build/lqg_controller/lqg_controller.egg-info to /home/oem/robot_project/install/lqg_controller/lib/python3.10/site-packages/lqg_controller-0.0.0-py3.10.egg-info
[0.771s] running install_scripts
[0.787s] Installing lqg_controller script to /home/oem/robot_project/install/lqg_controller/lib/lqg_controller
[0.788s] writing list of installed files to '/home/oem/robot_project/build/lqg_controller/install.log'
[0.815s] Invoked command in '/home/oem/robot_project/lqg_controller' returned '0': PYTHONPATH=/home/oem/robot_project/build/lqg_controller/prefix_override:/usr/lib/python3/dist-packages/colcon_core/task/python/colcon_distutils_commands:/home/oem/robot_project/install/lqg_controller/lib/python3.10/site-packages:${PYTHONPATH} /usr/bin/python3 -W ignore:setup.py install is deprecated -W ignore:easy_install command is deprecated setup.py egg_info --egg-base ../build/lqg_controller build --build-base /home/oem/robot_project/build/lqg_controller/build install --record /home/oem/robot_project/build/lqg_controller/install.log --single-version-externally-managed install_data
