running egg_info
writing ../build/lqg_controller/lqg_controller.egg-info/PKG-INFO
writing dependency_links to ../build/lqg_controller/lqg_controller.egg-info/dependency_links.txt
writing entry points to ../build/lqg_controller/lqg_controller.egg-info/entry_points.txt
writing requirements to ../build/lqg_controller/lqg_controller.egg-info/requires.txt
writing top-level names to ../build/lqg_controller/lqg_controller.egg-info/top_level.txt
reading manifest file '../build/lqg_controller/lqg_controller.egg-info/SOURCES.txt'
writing manifest file '../build/lqg_controller/lqg_controller.egg-info/SOURCES.txt'
running build
running build_py
running install
running install_lib
running install_data
copying launch/rooms_with_robot.launch.py -> /home/oem/robot_project/install/lqg_controller/share/lqg_controller/launch
running install_egg_info
removing '/home/oem/robot_project/install/lqg_controller/lib/python3.10/site-packages/lqg_controller-0.0.0-py3.10.egg-info' (and everything under it)
Copying ../build/lqg_controller/lqg_controller.egg-info to /home/oem/robot_project/install/lqg_controller/lib/python3.10/site-packages/lqg_controller-0.0.0-py3.10.egg-info
running install_scripts
Installing lqg_controller script to /home/oem/robot_project/install/lqg_controller/lib/lqg_controller
writing list of installed files to '/home/oem/robot_project/build/lqg_controller/install.log'
