[0.560s] Invoking command in '/home/oem/robot_project/lqg_controller': PYTHONPATH=/home/oem/robot_project/build/lqg_controller/prefix_override:/usr/lib/python3/dist-packages/colcon_core/task/python/colcon_distutils_commands:/home/oem/robot_project/install/lqg_controller/lib/python3.10/site-packages:${PYTHONPATH} /usr/bin/python3 -W ignore:setup.py install is deprecated -W ignore:easy_install command is deprecated setup.py egg_info --egg-base ../build/lqg_controller build --build-base /home/oem/robot_project/build/lqg_controller/build install --record /home/oem/robot_project/build/lqg_controller/install.log --single-version-externally-managed install_data
[0.768s] running egg_info
[0.768s] writing ../build/lqg_controller/lqg_controller.egg-info/PKG-INFO
[0.768s] writing dependency_links to ../build/lqg_controller/lqg_controller.egg-info/dependency_links.txt
[0.769s] writing entry points to ../build/lqg_controller/lqg_controller.egg-info/entry_points.txt
[0.769s] writing requirements to ../build/lqg_controller/lqg_controller.egg-info/requires.txt
[0.769s] writing top-level names to ../build/lqg_controller/lqg_controller.egg-info/top_level.txt
[0.770s] reading manifest file '../build/lqg_controller/lqg_controller.egg-info/SOURCES.txt'
[0.770s] writing manifest file '../build/lqg_controller/lqg_controller.egg-info/SOURCES.txt'
[0.770s] running build
[0.770s] running build_py
[0.771s] running install
[0.771s] running install_lib
[0.772s] running install_data
[0.772s] copying launch/rooms_with_robot.launch.py -> /home/oem/robot_project/install/lqg_controller/share/lqg_controller/launch
[0.772s] running install_egg_info
[0.774s] removing '/home/oem/robot_project/install/lqg_controller/lib/python3.10/site-packages/lqg_controller-0.0.0-py3.10.egg-info' (and everything under it)
[0.774s] Copying ../build/lqg_controller/lqg_controller.egg-info to /home/oem/robot_project/install/lqg_controller/lib/python3.10/site-packages/lqg_controller-0.0.0-py3.10.egg-info
[0.775s] running install_scripts
[0.792s] Installing lqg_controller script to /home/oem/robot_project/install/lqg_controller/lib/lqg_controller
[0.792s] writing list of installed files to '/home/oem/robot_project/build/lqg_controller/install.log'
[0.820s] Invoked command in '/home/oem/robot_project/lqg_controller' returned '0': PYTHONPATH=/home/oem/robot_project/build/lqg_controller/prefix_override:/usr/lib/python3/dist-packages/colcon_core/task/python/colcon_distutils_commands:/home/oem/robot_project/install/lqg_controller/lib/python3.10/site-packages:${PYTHONPATH} /usr/bin/python3 -W ignore:setup.py install is deprecated -W ignore:easy_install command is deprecated setup.py egg_info --egg-base ../build/lqg_controller build --build-base /home/oem/robot_project/build/lqg_controller/build install --record /home/oem/robot_project/build/lqg_controller/install.log --single-version-externally-managed install_data
