running egg_info
creating ../build/lqg_controller/lqg_controller.egg-info
writing ../build/lqg_controller/lqg_controller.egg-info/PKG-INFO
writing dependency_links to ../build/lqg_controller/lqg_controller.egg-info/dependency_links.txt
writing entry points to ../build/lqg_controller/lqg_controller.egg-info/entry_points.txt
writing requirements to ../build/lqg_controller/lqg_controller.egg-info/requires.txt
writing top-level names to ../build/lqg_controller/lqg_controller.egg-info/top_level.txt
writing manifest file '../build/lqg_controller/lqg_controller.egg-info/SOURCES.txt'
reading manifest file '../build/lqg_controller/lqg_controller.egg-info/SOURCES.txt'
writing manifest file '../build/lqg_controller/lqg_controller.egg-info/SOURCES.txt'
running build
running build_py
creating /home/oem/robot_project/build/lqg_controller/build
creating /home/oem/robot_project/build/lqg_controller/build/lib
creating /home/oem/robot_project/build/lqg_controller/build/lib/lqg_controller
copying lqg_controller/lqg_controller_node.py -> /home/oem/robot_project/build/lqg_controller/build/lib/lqg_controller
copying lqg_controller/__init__.py -> /home/oem/robot_project/build/lqg_controller/build/lib/lqg_controller
running install
running install_lib
creating /home/oem/robot_project/install/lqg_controller/lib/python3.10/site-packages/lqg_controller
copying /home/oem/robot_project/build/lqg_controller/build/lib/lqg_controller/lqg_controller_node.py -> /home/oem/robot_project/install/lqg_controller/lib/python3.10/site-packages/lqg_controller
copying /home/oem/robot_project/build/lqg_controller/build/lib/lqg_controller/__init__.py -> /home/oem/robot_project/install/lqg_controller/lib/python3.10/site-packages/lqg_controller
byte-compiling /home/oem/robot_project/install/lqg_controller/lib/python3.10/site-packages/lqg_controller/lqg_controller_node.py to lqg_controller_node.cpython-310.pyc
byte-compiling /home/oem/robot_project/install/lqg_controller/lib/python3.10/site-packages/lqg_controller/__init__.py to __init__.cpython-310.pyc
running install_data
creating /home/oem/robot_project/install/lqg_controller/share/ament_index
creating /home/oem/robot_project/install/lqg_controller/share/ament_index/resource_index
creating /home/oem/robot_project/install/lqg_controller/share/ament_index/resource_index/packages
copying resource/lqg_controller -> /home/oem/robot_project/install/lqg_controller/share/ament_index/resource_index/packages
copying package.xml -> /home/oem/robot_project/install/lqg_controller/share/lqg_controller
running install_egg_info
Copying ../build/lqg_controller/lqg_controller.egg-info to /home/oem/robot_project/install/lqg_controller/lib/python3.10/site-packages/lqg_controller-0.0.0-py3.10.egg-info
running install_scripts
Installing lqg_controller script to /home/oem/robot_project/install/lqg_controller/lib/lqg_controller
writing list of installed files to '/home/oem/robot_project/build/lqg_controller/install.log'
